.\gradlew.bat : WARNING: A restricted method in java.lang.System has 
been called
At line:1 char:1
+ .\gradlew.bat compileDebugKotlin > build_output.txt 2>&1; Get-Content 
...
+ ~~~~~~~~~~~~~~~~~~~~~~~~~~~~~~~~~~~~~~~~~~~~~~~~~~~~~~~~
    + CategoryInfo          : NotSpecified: (WARNING: A rest...has been 
    called:String) [], RemoteException
    + FullyQualifiedErrorId : NativeCommandError
 
WARNING: java.lang.System::load has been called by 
net.rubygrapefruit.platform.internal.NativeLibraryLoader in an unnamed 
module (file:/C:/Users/ACER/.gradle/wrapper/dists/gradle-8.6-bin/afr5mpi
ioh2wthjmwnkmdsd5w/gradle-8.6/lib/native-platform-0.22-milestone-25.jar)
WARNING: Use --enable-native-access=ALL-UNNAMED to avoid a warning for 
callers in this module
WARNING: Restricted methods will be blocked in a future release unless 
native access is enabled


FAILURE: Build failed with an exception.

* What went wrong:
25.0.1

* Try:
> Run with --stacktrace option to get the stack trace.
> Run with --info or --debug option to get more log output.
> Run with --scan to get full insights.
> Get more help at https://help.gradle.org.

BUILD FAILED in 1s
